#-----------------------------------------------------------
# Vivado v2017.1 (64-bit)
# SW Build 1846317 on Fri Apr 14 18:55:03 MDT 2017
# IP Build 1846188 on Fri Apr 14 20:52:08 MDT 2017
# Start of session at: Sun Oct 27 15:00:25 2019
# Process ID: 4840
# Current directory: D:/CODWork/MCCPU_SOC
# Command line: vivado.exe -gui_launcher_event rodinguilauncherevent3012 D:\CODWork\MCCPU_SOC\MCCPU_SOC.xpr
# Log file: D:/CODWork/MCCPU_SOC/vivado.log
# Journal file: D:/CODWork/MCCPU_SOC\vivado.jou
#-----------------------------------------------------------
start_gui
open_project D:/CODWork/MCCPU_SOC/MCCPU_SOC.xpr
update_compile_order -fileset sources_1
reset_run synth_1
launch_runs impl_1 -to_step write_bitstream -jobs 2
wait_on_run impl_1
open_hw
close_project
open_project D:/CODWork/MCCPUFULL_SOC/MCCPUFULL_SOC.xpr
update_compile_order -fileset sources_1
reset_run synth_1
launch_runs impl_1 -to_step write_bitstream -jobs 2
wait_on_run impl_1
close_project
open_project D:/CODWork/PLCPUFULL_SOC/PLCPUFULL_SOC.xpr
update_compile_order -fileset sources_1
reset_run synth_1
launch_runs impl_1 -to_step write_bitstream -jobs 2
wait_on_run impl_1
close_project
open_project D:/CODWork/SCCPU_SOC/SCCPU_SOC.xpr
update_compile_order -fileset sources_1
reset_run synth_1
launch_runs impl_1 -to_step write_bitstream -jobs 2
wait_on_run impl_1
close_project
open_project D:/CODWork/SCCPUFULL_SOC/SCCPUFULL_SOC.xpr
update_compile_order -fileset sources_1
reset_run synth_1
launch_runs impl_1 -to_step write_bitstream -jobs 2
wait_on_run impl_1
close_project
open_project D:/CODWork/SCCPUJAL_SOC/SCCPUJAL_SOC.xpr
update_compile_order -fileset sources_1
reset_run synth_1
launch_runs impl_1 -to_step write_bitstream -jobs 2
wait_on_run impl_1
open_hw
connect_hw_server
open_hw_target
set_property PROGRAM.FILE {D:/CODWork/SCCPUJAL_SOC/SCCPUJAL_SOC.runs/impl_1/SCCPUSOC_Top.bit} [get_hw_devices xc7a100t_0]
current_hw_device [get_hw_devices xc7a100t_0]
refresh_hw_device -update_hw_probes false [lindex [get_hw_devices xc7a100t_0] 0]
set_property PROBES.FILE {} [get_hw_devices xc7a100t_0]
set_property FULL_PROBES.FILE {} [get_hw_devices xc7a100t_0]
set_property PROGRAM.FILE {D:/CODWork/SCCPUJAL_SOC/SCCPUJAL_SOC.runs/impl_1/SCCPUSOC_Top.bit} [get_hw_devices xc7a100t_0]
program_hw_devices [get_hw_devices xc7a100t_0]
refresh_hw_device [lindex [get_hw_devices xc7a100t_0] 0]
close_project
open_project D:/CODWork/SCCPUFULL_SOC/SCCPUFULL_SOC.xpr
update_compile_order -fileset sources_1
open_hw
connect_hw_server
open_hw_target
set_property PROGRAM.FILE {D:/CODWork/SCCPUFULL_SOC/SCCPUFULL_SOC.runs/impl_1/SCCPUSOC_Top.bit} [get_hw_devices xc7a100t_0]
current_hw_device [get_hw_devices xc7a100t_0]
refresh_hw_device -update_hw_probes false [lindex [get_hw_devices xc7a100t_0] 0]
set_property PROBES.FILE {} [get_hw_devices xc7a100t_0]
set_property FULL_PROBES.FILE {} [get_hw_devices xc7a100t_0]
set_property PROGRAM.FILE {D:/CODWork/SCCPUFULL_SOC/SCCPUFULL_SOC.runs/impl_1/SCCPUSOC_Top.bit} [get_hw_devices xc7a100t_0]
program_hw_devices [get_hw_devices xc7a100t_0]
refresh_hw_device [lindex [get_hw_devices xc7a100t_0] 0]
close_project
open_project D:/CODWork/SCCPU_SOC/SCCPU_SOC.xpr
update_compile_order -fileset sources_1
open_hw
connect_hw_server
open_hw_target
set_property PROGRAM.FILE {D:/CODWork/SCCPU_SOC/SCCPU_SOC.runs/impl_1/SCCPUSOC_Top.bit} [get_hw_devices xc7a100t_0]
current_hw_device [get_hw_devices xc7a100t_0]
refresh_hw_device -update_hw_probes false [lindex [get_hw_devices xc7a100t_0] 0]
set_property PROBES.FILE {} [get_hw_devices xc7a100t_0]
set_property FULL_PROBES.FILE {} [get_hw_devices xc7a100t_0]
set_property PROGRAM.FILE {D:/CODWork/SCCPU_SOC/SCCPU_SOC.runs/impl_1/SCCPUSOC_Top.bit} [get_hw_devices xc7a100t_0]
program_hw_devices [get_hw_devices xc7a100t_0]
refresh_hw_device [lindex [get_hw_devices xc7a100t_0] 0]
close_project
open_project D:/CODWork/PLCPUFULL_SOC/PLCPUFULL_SOC.xpr
update_compile_order -fileset sources_1
open_hw
connect_hw_server
open_hw_target
set_property PROGRAM.FILE {D:/CODWork/PLCPUFULL_SOC/PLCPUFULL_SOC.runs/impl_1/PLCPUSOC_Top.bit} [get_hw_devices xc7a100t_0]
current_hw_device [get_hw_devices xc7a100t_0]
refresh_hw_device -update_hw_probes false [lindex [get_hw_devices xc7a100t_0] 0]
set_property PROBES.FILE {} [get_hw_devices xc7a100t_0]
set_property FULL_PROBES.FILE {} [get_hw_devices xc7a100t_0]
set_property PROGRAM.FILE {D:/CODWork/PLCPUFULL_SOC/PLCPUFULL_SOC.runs/impl_1/PLCPUSOC_Top.bit} [get_hw_devices xc7a100t_0]
program_hw_devices [get_hw_devices xc7a100t_0]
refresh_hw_device [lindex [get_hw_devices xc7a100t_0] 0]
close_project
open_project D:/CODWork/MCCPUFULL_SOC/MCCPUFULL_SOC.xpr
update_compile_order -fileset sources_1
open_hw
connect_hw_server
open_hw_target
set_property PROGRAM.FILE {D:/CODWork/MCCPUFULL_SOC/MCCPUFULL_SOC.runs/impl_1/MCCPUSOC_Top.bit} [get_hw_devices xc7a100t_0]
current_hw_device [get_hw_devices xc7a100t_0]
refresh_hw_device -update_hw_probes false [lindex [get_hw_devices xc7a100t_0] 0]
set_property PROBES.FILE {} [get_hw_devices xc7a100t_0]
set_property FULL_PROBES.FILE {} [get_hw_devices xc7a100t_0]
set_property PROGRAM.FILE {D:/CODWork/MCCPUFULL_SOC/MCCPUFULL_SOC.runs/impl_1/MCCPUSOC_Top.bit} [get_hw_devices xc7a100t_0]
program_hw_devices [get_hw_devices xc7a100t_0]
refresh_hw_device [lindex [get_hw_devices xc7a100t_0] 0]
set_property PROBES.FILE {} [get_hw_devices xc7a100t_0]
set_property FULL_PROBES.FILE {} [get_hw_devices xc7a100t_0]
set_property PROGRAM.FILE {D:/CODWork/MCCPUFULL_SOC/MCCPUFULL_SOC.runs/impl_1/MCCPUSOC_Top.bit} [get_hw_devices xc7a100t_0]
program_hw_devices [get_hw_devices xc7a100t_0]
refresh_hw_device [lindex [get_hw_devices xc7a100t_0] 0]
