#-----------------------------------------------------------
# Vivado v2017.1 (64-bit)
# SW Build 1846317 on Fri Apr 14 18:55:03 MDT 2017
# IP Build 1846188 on Fri Apr 14 20:52:08 MDT 2017
# Start of session at: Sun Oct 27 19:16:28 2019
# Process ID: 5612
# Current directory: D:/CODWork/SCCPU_SOC
# Command line: vivado.exe -gui_launcher_event rodinguilauncherevent5740 D:\CODWork\SCCPU_SOC\SCCPU_SOC.xpr
# Log file: D:/CODWork/SCCPU_SOC/vivado.log
# Journal file: D:/CODWork/SCCPU_SOC\vivado.jou
#-----------------------------------------------------------
start_gui
open_project D:/CODWork/SCCPU_SOC/SCCPU_SOC.xpr
update_compile_order -fileset sources_1
update_files -from_files D:/CODWork/SCCPU_SOC/SCCPU_SOC.ip_user_files/mem_init_files/mipstestloop_fpga.coe -to_files {{c:/Users/Liu/Desktop/source/Testing Code/mipstestloop_fpga.coe}} -filesets [get_filesets *]
update_files -from_files {{C:/Users/Liu/Desktop/source/Testing Code/mipstestloop_fpga.coe}} -to_files D:/CODWork/SCCPU_SOC/SCCPU_SOC.ip_user_files/mem_init_files/mipstestloop_fpga.coe -filesets [get_filesets *]
reset_run synth_1
reset_run imem_synth_1
launch_runs impl_1 -to_step write_bitstream -jobs 2
wait_on_run impl_1
synth_design -rtl -name rtl_1
close_design
open_hw
connect_hw_server
open_hw_target
set_property PROGRAM.FILE {D:/CODWork/SCCPU_SOC/SCCPU_SOC.runs/impl_1/SCCPUSOC_Top.bit} [get_hw_devices xc7a100t_0]
current_hw_device [get_hw_devices xc7a100t_0]
refresh_hw_device -update_hw_probes false [lindex [get_hw_devices xc7a100t_0] 0]
close_hw
reset_run synth_1
launch_runs synth_1 -jobs 2
wait_on_run synth_1
launch_runs impl_1 -to_step write_bitstream -jobs 2
wait_on_run impl_1
close_project
